// Jest Snapshot v1, https://goo.gl/fbAQLP

exports[`components - ComplianceDashboard should render correctly 1`] = `
<Fragment>
  <div
    className="dashboard-container"
  >
    <ul
      className="dashboard-list"
    >
      <li
        className="card partial"
        key="card-Department of Agriculture"
      >
        <div
          className="dashboard-entity-icon"
        >
          <img
            alt="Department of Agriculture logo"
            src="/assets/img/logos/agencies/USDA-50x50.png"
          />
        </div>
        <div
          className="dashboard-entity-content"
        >
          <div
            className="dashboard-entity-heading"
          >
            <h3
              className="h3"
            >
              Department of Agriculture
            </h3>
            <h4
              className="h4 partial"
            >
              Partially compliant
            </h4>
            <div
              className="req partial"
              key="Department of Agriculture-agencyWidePolicy"
            >
              Agency policy is being updated for consistency with the Federal Source Code Policy.
            </div>
            <div
              className="req noncompliant"
              key="Department of Agriculture-openSourceRequirement"
            >
              Agency has open sourced less than 10% of their custom developed code.
            </div>
            <div
              className="req noncompliant"
              key="Department of Agriculture-inventoryRequirement"
            >
              Agency has inventoried less than 50% of new custom code.
            </div>
          </div>
        </div>
      </li>
    </ul>
  </div>
</Fragment>
`;
