// Jest Snapshot v1, https://goo.gl/fbAQLP

exports[`components - AboutCodeDotGov render should render correctly 1`] = `
<div
  id="main-content"
>
  <Connect(SiteBanner)
    title="About"
  />
  <Breadcrumbs
    crumbs={
      Array [
        Object {
          "text": "Home",
          "to": "/",
        },
        Object {
          "text": "About",
        },
      ]
    }
  />
  <div
    className="grid-container"
  >
    <br />
    <div>
      <LazyHTML
        url="/src/components/about-codedotgov/html/overview/introduction.html"
      />
    </div>
  </div>
</div>
`;
