// Jest Snapshot v1, https://goo.gl/fbAQLP

exports[`components - HomeBannerSearchBox render should render correctly 1`] = `
<Fragment>
  <h2
    className="tablet-lg:text-uppercase text-bold text-base-darker margin-bottom-1 tablet-lg:margin-bottom-0 font-body-xs"
  />
  <div
    className="margin-bottom-105 margin-top-2px text-bold text-base-darker tablet-lg:display-block display-none"
  >
    test-text
  </div>
  <div
    className="margin-x-auto borderless-search mobile-lg:grid-col-10 tablet:grid-col-8 tablet-lg:grid-col-6"
  >
    <SearchBox
      onBlur={[Function]}
      onChange={[Function]}
      onFocus={[Function]}
      onSubmit={[MockFunction]}
      placeholder="test-placeholder"
      query="test-query"
    />
  </div>
</Fragment>
`;
