// Jest Snapshot v1, https://goo.gl/fbAQLP

exports[`components - HomeBannerSearchBox render should render correctly 1`] = `
<div
  className="padding-bottom-2px"
>
  <div>
    <div>
      <div
        className="text-uppercase text-bold text-base-darker show-w-gt-800"
      />
      <div
        className="margin-bottom-1 text-bold text-base-darker show-w-gt-800"
      >
        test-text
      </div>
      <div
        className="show-w-lte-800 text-bold text-base-darker padding-bottom-105"
      >
        test-mobile-text
      </div>
    </div>
    <div
      className="width-mobile-lg margin-x-auto borderless-search show-w-gt-homesearch"
    >
      <SearchBox
        onBlur={[Function]}
        onChange={[Function]}
        onFocus={[Function]}
        onSubmit={[MockFunction]}
        placeholder="test-placeholder"
        query="test-query"
      />
    </div>
    <div
      className="width-full margin-x-auto borderless-search show-w-lte-homesearch"
    >
      <SearchBox
        onBlur={[Function]}
        onChange={[Function]}
        onFocus={[Function]}
        onSubmit={[MockFunction]}
        placeholder="test-placeholder"
        query="test-query"
      />
    </div>
  </div>
</div>
`;
