// Jest Snapshot v1, https://goo.gl/fbAQLP

exports[`components - HomeAbout should render correctly 1`] = `
<section
  className="tablet:grid-col-6"
  id="about"
>
  <div
    className="bg-primary-lighter height-full"
  >
    <header
      className="padding-x-4 padding-top-6"
    >
      <h2
        className="font-heading-lg text-primary-darker text-center"
      >
        About Code.gov
      </h2>
      <p />
    </header>
    <ul
      className="padding-x-4"
    >
      <li
        className="padding-y-3"
      >
        <h2
          className="text-primary-darker text-uppercase tablet:margin-left-9 margin-bottom-0"
        >
          Vision
        </h2>
        <span
          className="display-flex tablet:flex-row margin-0"
        >
          <p
            className=""
          >
            test-vision
          </p>
          <img
            alt=""
            className="order-first height-7 margin-top-3 margin-right-2 display-none tablet:display-block"
            src="/assets/img/icons/vision_icon_sm.png"
          />
        </span>
      </li>
      <li>
        <h2
          className="text-primary-darker text-uppercase tablet:margin-left-9 margin-bottom-0"
        >
          Mission
        </h2>
        <span
          className="display-flex table:flex-row margin-0"
        >
          <p>
            test-mission
          </p>
          <img
            alt=""
            className="order-first height-7 margin-top-3 margin-right-2 display-none tablet:display-block"
            src="/assets/img/icons/mission_icon_sm.png"
          />
        </span>
      </li>
    </ul>
  </div>
</section>
`;
