// Jest Snapshot v1, https://goo.gl/fbAQLP

exports[`components - Breadcrumbs should render correctly 1`] = `
<div
  className="grid-container"
  id="breadcrumbs"
>
  <nav
    aria-label="Breadcrumbs"
    className="usa-breadcrumb grid-row tablet-lg:margin-top-4 margin-top-2"
  >
    <ol
      className="usa-breadcrumb__list font-body-2xs"
    >
      <li
        className="usa-breadcrumb__list-item"
        key="text-1"
      >
        <Connect(CustomLinkComponent)
          className="usa-breadcrumb__link"
          to="/to-1"
        >
          <span>
            text-1
          </span>
        </Connect(CustomLinkComponent)>
      </li>
      <li
        className="usa-breadcrumb__list-item"
        key="text-2"
      >
        <Connect(CustomLinkComponent)
          className="usa-breadcrumb__link"
          to="/to-2"
        >
          <span>
            text-2
          </span>
        </Connect(CustomLinkComponent)>
      </li>
      <li
        aria-current="page"
        className="usa-breadcrumb__list-item usa-current text-bold"
        key="text-3"
      >
        <span>
          text-3
        </span>
      </li>
    </ol>
  </nav>
</div>
`;
