// Jest Snapshot v1, https://goo.gl/fbAQLP

exports[`components - Breadcrumbs should render correctly 1`] = `
<div
  className="grid-container"
>
  <ul
    className="grid-row margin-top-4"
  >
    <li
      className="padding-right-1"
      key="text-1"
    >
      <Connect(CustomLinkComponent)
        to="/to-1"
      >
        text-1
      </Connect(CustomLinkComponent)>
    </li>
    &gt; 
    <li
      className="padding-right-1"
      key="text-2"
    >
      <Connect(CustomLinkComponent)
        to="/to-2"
      >
        text-2
      </Connect(CustomLinkComponent)>
    </li>
    &gt; 
    <li
      className="padding-left-1 text-bold"
      key="text-3"
    >
      text-3
    </li>
  </ul>
</div>
`;
