// Jest Snapshot v1, https://goo.gl/fbAQLP

exports[`components - InventoryCodeSectionComponent should render correctly 1`] = `
<Fragment>
  <div
    className="top-level border-left-0 border-base-lighter border-left-2px border-right-0 border-bottom-0 border-top-0 border-dashed font-body-md padding-x-1 mobile:padding-x-205 text-bold padding-y-105 tablet-lg:padding-left-3 tablet-lg:padding-right-5 tablet-lg:padding-y-2"
  >
    <span
      className="usa-sr-only"
    >
      Field Name: 
    </span>
    <p
      className=" display-inline"
    >
      version
    </p>
    <span
      className="usa-sr-only"
    >
      Required field.
    </span>
    <span
      className="usa-sr-only"
    >
      Data Type: 
    </span>
    <p
      className=" data-type font-body-3xs text-normal margin-left-1 display-inline"
    >
      string
    </p>
    <span
      className="usa-sr-only"
    >
      Definition: 
    </span>
    <p
      className=" description text-normal font-body-3xs margin-bottom-0 margin-top-2px"
      dangerouslySetInnerHTML={
        Object {
          "__html": "The version of the metadata schema in use.",
        }
      }
    />
  </div>
</Fragment>
`;
