// Jest Snapshot v1, https://goo.gl/fbAQLP

exports[`components - InventoryCodeSectionComponent should render correctly 1`] = `
<Fragment>
  <tr
    className="top-level"
  >
    <th
      className="field-name-text"
      scope="row"
      style={
        Object {
          "paddingLeft": "10px",
        }
      }
    >
      <div
        className="dropdown"
      />
      version
      <button
        className="details"
        onClick={[Function]}
      >
        <div
          className="details-text"
        >
          details
        </div>
        <div
          className="details-arrow arrow-right"
        />
      </button>
    </th>
    <td
      className="data-type"
    >
      string
    </td>
    <td
      className="description"
      dangerouslySetInnerHTML={
        Object {
          "__html": "The version of the metadata schema in use.",
        }
      }
    />
  </tr>
</Fragment>
`;
