// Jest Snapshot v1, https://goo.gl/fbAQLP

exports[`components - InventoryCodeSectionComponent should render correctly 1`] = `
<Fragment>
  <li
    className="grid-col-12 usa-card margin-bottom-2 top-level"
  >
    <div
      className="usa-card__container"
    >
      <header
        className="usa-card__header padding-bottom-0"
      >
        <h2
          className="usa-card__heading font-heading-lg "
        >
          version
        </h2>
      </header>
      <div
        className="usa-card__body"
      >
        <p
          className="margin-bottom-0 font-body-2xs "
        >
          <strong>
            Class: 
          </strong>
          string
        </p>
        <p
          className="usa-sr-only"
        >
          Required field
        </p>
        <div
          className="margin-top-0 font-body-2xs "
        >
          <strong>
            Description: 
          </strong>
          <div
            className="display-inline"
            dangerouslySetInnerHTML={
              Object {
                "__html": "The version of the metadata schema in use.",
              }
            }
          />
        </div>
      </div>
    </div>
  </li>
</Fragment>
`;
