// Jest Snapshot v1, https://goo.gl/fbAQLP

exports[`components - FilterBoxes render should render correctly 1`] = `
<Fragment>
  <FilterBox
    key="c1"
    onChange={[Function]}
    options="[{\\"id\\":\\"a1\\",\\"value\\":\\"v1\\"},{\\"id\\":\\"a2\\",\\"value\\":\\"v2\\"}]"
    title="c1"
  />
  <FilterBox
    key="c2"
    onChange={[Function]}
    options="[{\\"id\\":\\"l1\\",\\"value\\":\\"v3\\"}]"
    title="c2"
  />
</Fragment>
`;
