// Jest Snapshot v1, https://goo.gl/fbAQLP

exports[`containers - Menu mapStateToProps should return the correct properties 1`] = `
Object {
  "color": "white",
  "logoDark": "/assets/img/logos/code-gov-dark.svg",
  "logoLight": "/assets/img/logos/code-gov-light.svg",
  "menu": Array [
    Object {
      "name": "PROJECTS",
      "url": "/browse-projects?page=1&size=10&sort=data_quality",
    },
    Object {
      "links": Array [
        Object {
          "name": "Agency Compliance",
          "url": "/federal-agencies/compliance/dashboard",
        },
        Object {
          "name": "How to Procure Software",
          "url": "/federal-agencies/compliance/procurement",
        },
        Object {
          "name": "How to Inventory Code",
          "url": "/federal-agencies/compliance/inventory-code",
        },
      ],
      "name": "FEDERAL AGENCIES",
    },
    Object {
      "links": Array [
        Object {
          "name": "Open Tasks",
          "url": "/open-tasks?page=1&size=10",
        },
        Object {
          "name": "Code.gov API",
          "url": "https://open.gsa.gov/api/codedotgov/",
        },
      ],
      "name": "DEVELOPERS",
    },
  ],
  "onHomePage": true,
  "searchDropdown": "test-search-dropdown",
  "siteTitle": "code.gov",
}
`
