// Jest Snapshot v1, https://goo.gl/fbAQLP

exports[`components - MobileMenuOption render should render correctly 1`] = `
<li
  className="expanded"
>
  <a
    className="dropdown"
    onClick={[Function]}
  >
    opt-1
  </a>
  <ul>
    <li
      key="http://link-1-url"
    >
      <a
        href="http://link-1-url"
        onClick={[MockFunction]}
        target="_blank"
      >
        link-1
      </a>
    </li>
    <li
      key="mailto:link-2-url"
    >
      <a
        href="mailto:link-2-url"
        onClick={[MockFunction]}
        target="_blank"
      >
        link-2
      </a>
    </li>
    <li
      key="/link-3-url"
    >
      <Connect(CustomLinkComponent)
        className=""
        onClick={[MockFunction]}
        to="/link-3-url"
      >
        link-3
      </Connect(CustomLinkComponent)>
    </li>
  </ul>
</li>
`
