// Jest Snapshot v1, https://goo.gl/fbAQLP

exports[`components - HomeBanner render should render correctly 1`] = `
<section
  className="banner"
  id="banner-home"
>
  <div
    className="banner-content"
  >
    <div
      className="banner-title"
    >
      test-motto
    </div>
    <div
      className="banner-subtitle show-w-gt-1200"
    >
      test-subtitle
    </div>
    <div
      className="banner-search"
    >
      <div
        className="banner-subsection width-half"
        style={
          Object {
            "zIndex": 30,
          }
        }
      >
        <div
          className="banner-subsection-content"
        >
          <div
            className="banner-subsection-content-padder"
          >
            <Connect(HomeBannerSearchBoxComponent) />
          </div>
        </div>
      </div>
    </div>
  </div>
</section>
`;
