// Jest Snapshot v1, https://goo.gl/fbAQLP

exports[`components - HomeBanner should render correctly 1`] = `
<section
  id="banner-home"
>
  <div
    className="bg-primary text-center"
  >
    <div
      className="padding-y-4"
    >
      <div
        className="font-heading-xl tablet:font-heading-2xl text-white"
      >
        test-motto
      </div>
      <div
        className="font-heading-lg text-white desktop:display-block display-none margin-top-1"
      >
        test-subtitle
      </div>
    </div>
    <div
      className="bg-primary-lighter padding-y-3"
    >
      <div
        className="grid-container"
      >
        <div
          className="grid-row"
        >
          <div
            className="tablet:grid-col"
          >
            <Connect(HomeBannerSearchBoxComponent) />
          </div>
        </div>
      </div>
    </div>
  </div>
</section>
`;
