// Jest Snapshot v1, https://goo.gl/fbAQLP

exports[`components - SiteBanner should render correctly 1`] = `
<div
  className="bg-primary usa-section"
>
  <div
    className="grid-container"
  >
    <div
      className="grid-row"
    >
      <div
        className="tablet:grid-col"
      >
        <h1
          className="tablet:font-heading-3xl text-white text-center text-uppercase"
        >
          test-title
        </h1>
      </div>
    </div>
  </div>
</div>
`;
