// Jest Snapshot v1, https://goo.gl/fbAQLP

exports[`components - PolicyGuide - PolicyGuidePage should render correctly 1`] = `
<div
  className="docs-content"
>
  <LazyHTML
    url="/test-url"
  />
</div>
`

exports[`components - PolicyGuide render should render correctly 1`] = `
<div>
  <Connect(SiteBanner)
    title="Federal Source Code Policy"
  />
  <Breadcrumbs
    crumbs={
      Array [
        Object {
          "text": "Home",
          "to": "/",
        },
        Object {
          "text": "Federal Source Code Policy",
        },
      ]
    }
  />
  <br />
  <div
    className="indented"
  >
    <div
      className="show-w-lte-600"
      style={
        Object {
          "padding": "30px",
          "textAlign": "center",
        }
      }
    >
      <Connect(NavSelect)
        pages={
          Array [
            Object {
              "display": "Introduction",
              "route": "/policy-guide/introduction",
            },
            Object {
              "display": "Objectives",
              "route": "/policy-guide/objectives",
            },
            Object {
              "display": "Scope & Applicability",
              "route": "/policy-guide/scope",
            },
            Object {
              "display": "Three-Step Software Solutions Analysis",
              "route": "/policy-guide/solutions-analysis",
            },
            Object {
              "display": "Government-Wide Code Reuse",
              "route": "/policy-guide/code-reuse",
            },
            Object {
              "display": "Open Source Software",
              "route": "/policy-guide/open-source",
            },
            Object {
              "display": "Exceptions to Government Code Reuse",
              "route": "/policy-guide/exceptions",
            },
            Object {
              "display": "Implementation",
              "route": "/policy-guide/implementation",
            },
            Object {
              "display": "Appendix A - Definitions",
              "route": "/policy-guide/appendix",
            },
          ]
        }
      />
    </div>
    <div
      className="width-quarter show-w-gt-600 sticky"
    >
      <SideNav
        alignment="left"
        baseurl="/policy-guide/"
        links={
          Array [
            Object {
              "route": "introduction",
              "text": "Introduction",
            },
            Object {
              "route": "objectives",
              "text": "1. Objectives",
            },
            Object {
              "route": "scope",
              "text": "2. Scope & Applicability",
            },
            Object {
              "route": "solutions-analysis",
              "text": "3. Three-Step Software Solutions Analysis",
            },
            Object {
              "route": "code-reuse",
              "text": "4. Government-Wide Code Reuse",
            },
            Object {
              "route": "open-source",
              "text": "5. Open Source Software",
            },
            Object {
              "route": "exceptions",
              "text": "6. Exceptions to Government Code Reuse",
            },
            Object {
              "route": "implementation",
              "text": "7. Implementation",
            },
            Object {
              "route": "appendix",
              "text": "Appendix A - Definitions",
            },
          ]
        }
        onLinkClick={[Function]}
      />
    </div>
    <Switch>
      <Route
        component={[Function]}
        key="/test-route/introduction"
        path="/test-route/introduction"
      />
      <Route
        component={[Function]}
        key="/test-route/objectives"
        path="/test-route/objectives"
      />
      <Route
        component={[Function]}
        key="/test-route/scope"
        path="/test-route/scope"
      />
      <Route
        component={[Function]}
        key="/test-route/solutions-analysis"
        path="/test-route/solutions-analysis"
      />
      <Route
        component={[Function]}
        key="/test-route/code-reuse"
        path="/test-route/code-reuse"
      />
      <Route
        component={[Function]}
        key="/test-route/open-source"
        path="/test-route/open-source"
      />
      <Route
        component={[Function]}
        key="/test-route/exceptions"
        path="/test-route/exceptions"
      />
      <Route
        component={[Function]}
        key="/test-route/implementation"
        path="/test-route/implementation"
      />
      <Route
        component={[Function]}
        key="/test-route/appendix"
        path="/test-route/appendix"
      />
      <Redirect
        push={false}
        to="/test-route/introduction"
      />
    </Switch>
  </div>
  <br />
  <br />
</div>
`
