// Jest Snapshot v1, https://goo.gl/fbAQLP

exports[`components - CardPart should render correctly 1`] = `
<Fragment>
  <dt
    className="display-inline text-bold"
  >
    test-title:
  </dt>
  <dd
    className="display-inline-block margin-left-1 margin-right-3"
  >
    test-text
  </dd>
  <br />
</Fragment>
`
