// Jest Snapshot v1, https://goo.gl/fbAQLP

exports[`containers - HomeNews mapStateToProps should return the correct properties 1`] = `
Object {
  "newsItems": Array [
    Object {
      "alt": "Brain outlined in half circuits",
      "date": "8/5/2019",
      "description": "OMB releases new guidance for tagging Artificial Intelligence (AI) digital assets…",
      "image": "/assets/img/news/ai.jpg",
      "title": "New Guidance for Enterprise Data and Source Code Inventories (.pdf)",
      "url": "/assets/data/ai_inventory-guidance.pdf",
    },
    Object {
      "alt": "Person sitting at computer",
      "date": "8/5/2019",
      "description": "The federal government is looking for top IT talent to help modernize federal IT systems and you could be just the person we need...",
      "image": "/assets/img/news/keyboard_user.jpg",
      "title": "Join the CIO.gov DEV/OPS Challenge!",
      "url": "https://www.cio.gov/codechallenge/",
    },
    Object {
      "alt": "Website planning. Web designer working on website sitemap",
      "date": "7/2/2019",
      "description": "We put our creative heads together for the next edition of Code.gov....",
      "image": "/assets/img/news/redesign.jpeg",
      "title": "Building Off Feedback: A Re-Design of Code.gov",
      "url": "https://medium.com/@CodeDotGov/building-off-feedback-a-re-design-of-code-gov-63a7859d79d5",
    },
  ],
}
`
