// Jest Snapshot v1, https://goo.gl/fbAQLP

exports[`components - Menu - SearchBoxDropdown render should render correctly 1`] = `
<div
  className="search-box show-w-gt-800 active"
>
  <div
    style={
      Object {
        "marginLeft": "auto",
        "position": "relative",
        "width": "calc(36rem + 42px)",
      }
    }
  >
    <a
      aria-label="close search"
      className="close-search-box-button"
      onClick={[Function]}
    >
      <i
        className="icon icon-cancel"
      />
    </a>
    <SearchBox
      aria-label="search projects"
      inputType="text"
      onBlur={[Function]}
      onChange={[Function]}
      onFocus={[Function]}
      onSubmit={[Function]}
      placeholder="Search Projects..."
    />
  </div>
</div>
`;
