// Jest Snapshot v1, https://goo.gl/fbAQLP

exports[`containers - HomeAbout mapStateToProps should return the correct properties 1`] = `
Object {
  "aboutItems": Array [
    Object {
      "description": "Code.gov is on track to become the nation’s primary platform for sharing America’s code.  Find out how we’ll get there.",
      "image": "/assets/img/icons/info_bl.png",
      "link": "/about/overview/introduction",
      "title": "About Us",
    },
    Object {
      "description": "The Federal Source Code Policy helps government agencies reduce duplicative software development and save taxpayer dollars.",
      "image": "/assets/img/icons/policy_bl.png",
      "link": "/policy-guide/introduction",
      "title": "Policy Info",
    },
    Object {
      "description": "Government agencies are working hard to unlock the potential of code sharing and collaboration. Here’s a quick snapshot of their progress.",
      "image": "/assets/img/icons/check_bl.png",
      "link": "/about/compliance/dashboard",
      "title": "Progress Report",
    },
  ],
  "mission": "Code.gov leverages the power of code sharing and collaboration to help the US Government cut down on duplicative software development and save millions of taxpayer dollars for the American people.",
}
`
